---
source: crates/pgt_analyser/tests/rules_tests.rs
expression: snapshot
snapshot_kind: text
---
# Input
```
SELECT 1;
-- expect_lint/safety/transactionNesting
ROLLBACK;

```

# Diagnostics
lint/safety/transactionNesting ━━━━━━━━━━━━━━━━━━━━━━━━━━━━━━━━━━━━━━━━━━━━━━━━━━━━━━━━━━━━━━━━━━━━━

  × Attempting to end transaction managed by migration tool.
  
  i Migration tools manage transactions automatically. Remove explicit transaction control.
  
  i Put migration statements in separate files to have them be in separate transactions.
