---
source: crates/pgt_hover/tests/hover_integration_tests.rs
expression: snapshot
---
# Input
```sql
alter role test_login set work_mem = '256MB'
                   â†‘ hovered here
```

# Hover Results
### `test_login` - ðŸ‘¤ login  
#### Login role  
---
