---
source: crates/pgt_pretty_print/tests/tests.rs
assertion_line: 59
input_file: crates/pgt_pretty_print/tests/data/relabel_type_0_60.sql
---
SELECT 'hello'::text;
