---
source: crates/pgt_pretty_print/tests/tests.rs
input_file: crates/pgt_pretty_print/tests/data/select_with_schema_80.sql
snapshot_kind: text
---
SELECT public.t.a, t.b, c FROM public.t;
