---
source: crates/pgt_pretty_print/tests/tests.rs
input_file: crates/pgt_pretty_print/tests/data/window_func_0_60.sql
snapshot_kind: text
---
SELECT row_number() OVER (ORDER BY id) FROM users;
