---
source: crates/pgt_pretty_print/tests/tests.rs
input_file: crates/pgt_pretty_print/tests/data/null_test_0_60.sql
snapshot_kind: text
---
SELECT * FROM users WHERE email IS NULL;
