---
source: crates/pgt_pretty_print/tests/tests.rs
input_file: crates/pgt_pretty_print/tests/data/json_is_predicate_0_60.sql
snapshot_kind: text
---
SELECT * WHERE data IS JSON;
