---
source: crates/pgt_pretty_print/tests/tests.rs
input_file: crates/pgt_pretty_print/tests/data/single/create_cast_stmt_0_60.sql
snapshot_kind: text
---
CREATE CAST (TEXT AS INT) WITH FUNCTION int4(TEXT);
