---
source: crates/pgt_pretty_print/tests/tests.rs
input_file: crates/pgt_pretty_print/tests/data/single/variable_show_stmt_0_60.sql
snapshot_kind: text
---
SHOW "search_path";
