---
source: crates/pgls_pretty_print/tests/tests.rs
input_file: crates/pgls_pretty_print/tests/data/single/alter_owner_collation_0_60.sql
snapshot_kind: text
---
ALTER COLLATION public.nfc OWNER TO admin;
