---
source: crates/pgt_pretty_print/tests/tests.rs
input_file: crates/pgt_pretty_print/tests/data/single/insert_with_cte_returning_0_60.sql
snapshot_kind: text
---
WITH src AS (SELECT
  1 AS "id",
  'alpha' AS "name")
INSERT INTO audit.log (id,
name)
SELECT
  id,
  name
FROM
  src
RETURNING id,
name;
