---
source: crates/pgt_pretty_print/tests/tests.rs
input_file: crates/pgt_pretty_print/tests/data/nested_column_refs_80.sql
snapshot_kind: text
---
SELECT schema.table.column FROM schema.table;
