---
source: crates/pgt_pretty_print/tests/tests.rs
input_file: crates/pgt_pretty_print/tests/data/minimal_80.sql
snapshot_kind: text
---
SELECT a FROM t;
