---
source: crates/pgt_pretty_print/tests/tests.rs
assertion_line: 59
input_file: crates/pgt_pretty_print/tests/data/coerce_via_io_0_60.sql
---
SELECT '123'::pg_catalog.int4;
